[www.Mofritech.co.ke/index.html]
[backblue.gif]
[fade.gif]
[index.html]
[www.Mofritech.co.ke/uploads/img/pages/Mofritech-it-services.webp]
[www.Mofritech.co.ke/assets/img/logos/favicon.ico]
[www.Mofritech.co.ke/assets/node_modules/bootstrap4/dist/css/bootstrap.min.css]
[www.Mofritech.co.ke/assets/node_modules/aos/dist/aos.css]
[www.Mofritech.co.ke/assets/css/bootstrap-touch-slider.min.css]
[www.Mofritech.co.ke/assets/node_modules/animate.css/animate.min.css]
[www.Mofritech.co.ke/assets/node_modules/owl.carousel/dist/assets/owl.carousel.min.css]
[www.Mofritech.co.ke/assets/node_modules/owl.carousel/dist/assets/owl.theme.default.min.css]
[www.Mofritech.co.ke/assets/node_modules/popper.js/dist/umd/popper.min.js]
[www.Mofritech.co.ke/assets/node_modules/jquery/dist/jquery.min.js]
[www.Mofritech.co.ke/assets/node_modules/bootstrap4/dist/js/bootstrap.min.js]
[www.Mofritech.co.ke/templates/themes/basic/assets/css/style.min.css]
[www.Mofritech.co.ke/about-us/index.html]
[www.Mofritech.co.ke/our-services/index.html]
[www.Mofritech.co.ke/our-services/web-design-development/index.html]
[www.Mofritech.co.ke/our-services/web-design-development/ngo-web-design/index.html]
[www.Mofritech.co.ke/our-services/web-design-development/real-estate-web-design/index.html]
[www.Mofritech.co.ke/our-services/web-design-development/ecommerce-web-development/index.html]
[www.Mofritech.co.ke/our-services/web-design-development/corporate-web-design/index.html]
[www.Mofritech.co.ke/our-services/web-design-development/tours-travel-web-design/index.html]
[www.Mofritech.co.ke/our-services/web-design-development/personal-profiles/index.html]
[www.Mofritech.co.ke/our-services/church-management-software/index.html]
[www.Mofritech.co.ke/our-services/parcel-delivery-software/index.html]
[www.Mofritech.co.ke/our-services/seo-search-engine-optimization/index.html]
[www.Mofritech.co.ke/portfolio/index.html]
[www.Mofritech.co.ke/portfolio/case-studies/index.html]
[www.Mofritech.co.ke/portfolio/clients/index.html]
[www.Mofritech.co.ke/media/index.html]
[www.Mofritech.co.ke/media/blog/index.html]
[www.Mofritech.co.ke/media/videos/index.html]
[www.Mofritech.co.ke/assets/img/logos/logo.png]
[www.Mofritech.co.ke/assets/img/logos/logo_sm.png]
[www.Mofritech.co.ke/contact-us/index.html]
[www.Mofritech.co.ke/config/email_png4260.png]
[www.Mofritech.co.ke/uploads/img/slides/Mofritech-it-services.jpg]
[www.Mofritech.co.ke/Mofritech-it-services/index.html]
[www.Mofritech.co.ke/uploads/img/slides/church-management-software.jpg]
[www.Mofritech.co.ke/contact-us/indexe7dd.html]
[www.Mofritech.co.ke/uploads/img/slides/parcel-delivery-software.jpg]
[www.Mofritech.co.ke/contact-us/index2ef8.html]
[www.Mofritech.co.ke/uploads/img/pages/thumbnails/ngo-web-design.webp]
[www.Mofritech.co.ke/web-design-development/ngo-web-design/index.html]
[www.Mofritech.co.ke/uploads/img/pages/thumbnails/real-estate-web-design.webp]
[www.Mofritech.co.ke/contact-us/index6138.html]
[www.Mofritech.co.ke/contact-us/index931d.html]
[www.Mofritech.co.ke/uploads/img/pages/thumbnails/ecommerce-website-development.webp]
[www.Mofritech.co.ke/web-design-development/real-estate-web-design/index.html]
[www.Mofritech.co.ke/contact-us/indexc2ab.html]
[www.Mofritech.co.ke/uploads/img/pages/thumbnails/corporate-web-design.webp]
[www.Mofritech.co.ke/contact-us/index05ac.html]
[www.Mofritech.co.ke/uploads/img/pages/thumbnails/personal-profiles.webp]
[www.Mofritech.co.ke/web-design-development/corporate-web-design/index.html]
[www.Mofritech.co.ke/contact-us/index7e92.html]
[www.Mofritech.co.ke/web-design-development/ecommerce-web-development/index.html]
[www.Mofritech.co.ke/uploads/img/pages/thumbnails/tours-travel-web-design.webp]
[www.Mofritech.co.ke/web-design-development/personal-profiles/index.html]
[www.Mofritech.co.ke/contact-us/indexce13.html]
[www.Mofritech.co.ke/contact-us/indexc6e1.html]
[www.Mofritech.co.ke/uploads/img/pages/icons/all-round-expertise.png]
[www.Mofritech.co.ke/web-design-development/tours-travel-web-design/index.html]
[www.Mofritech.co.ke/uploads/img/pages/icons/functional-websites.png]
[www.Mofritech.co.ke/uploads/img/pages/icons/extensible.png]
[www.Mofritech.co.ke/portfolio/case-studies/nesta-united-transporters-crm/index.html]
[www.Mofritech.co.ke/portfolio/case-studies/bushblazers-website-crm/index.html]
[www.Mofritech.co.ke/uploads/img/contacts/5d0e265e33fe1dc4e28472ea5ca527fd.png]
[www.Mofritech.co.ke/portfolio/case-studies/karunguru-coffee-website-crm/index.html]
[www.Mofritech.co.ke/uploads/img/pages/thumbnails/web-design-development.webp]
[www.Mofritech.co.ke/uploads/img/pages/thumbnails/church-management-software.webp]
[www.Mofritech.co.ke/uploads/img/pages/thumbnails/parcel-delivery-software.webp]
[www.Mofritech.co.ke/uploads/img/pages/thumbnails/seo-search-engine-optimization.webp]
[www.Mofritech.co.ke/uploads/img/portfolio/nesta-transporters.png]
[www.Mofritech.co.ke/uploads/img/portfolio/jpees-ventures.png]
[www.Mofritech.co.ke/uploads/img/portfolio/mambo-safi.png]
[www.Mofritech.co.ke/uploads/img/portfolio/dorcas-creation.png]
[www.Mofritech.co.ke/uploads/img/portfolio/karunguru-coffee.png]
[www.Mofritech.co.ke/uploads/img/portfolio/the-voice-community-church.png]
[www.Mofritech.co.ke/uploads/img/portfolio/bushblazers-tours-travel.png]
[www.Mofritech.co.ke/assets/node_modules/bootpag/lib/jquery.bootpag.min.js]
[www.Mofritech.co.ke/privacy-policy/index.html]
[www.Mofritech.co.ke/assets/node_modules/aos/dist/aos.js]
[www.Mofritech.co.ke/assets/node_modules/jquery-touchswipe/jquery.touchSwipe.min.js]
[www.Mofritech.co.ke/assets/node_modules/owl.carousel/dist/owl.carousel.min.js]
[www.Mofritech.co.ke/assets/js/bootstrap-touch-slider.min.js]
[www.Mofritech.co.ke/assets/node_modules/toastr/build/toastr.min.js]
[www.Mofritech.co.ke/assets/js/fancySelect.min.js]
[www.Mofritech.co.ke/assets/node_modules/jquery-slimscroll/jquery.slimscroll.min.js]
[www.Mofritech.co.ke/assets/node_modules/jquery-lazy/jquery.lazy.min.js]
[www.Mofritech.co.ke/templates/themes/basic/assets/js/front.min.js]
[www.Mofritech.co.ke/assets/js/init-jquery-plugins.min.js]
[www.Mofritech.co.ke/index.html]
[www.Mofritech.co.ke/assets/node_modules/bootstrap4/dist/css/bootstrap.min.css]
[www.Mofritech.co.ke/assets/node_modules/aos/dist/aos.css]
[www.Mofritech.co.ke/assets/css/bootstrap-touch-slider.min.css]
[connect.facebook.net/en_US/sdk.js]
[www.Mofritech.co.ke/assets/node_modules/animate.css/animate.min.css]
[www.Mofritech.co.ke/assets/node_modules/owl.carousel/dist/assets/owl.video.play.png]
[www.Mofritech.co.ke/assets/node_modules/owl.carousel/dist/assets/owl.carousel.min.css]
[www.Mofritech.co.ke/assets/node_modules/owl.carousel/dist/assets/owl.theme.default.min.css]
[www.Mofritech.co.ke/templates/themes/basic/assets/fonts/custom-fonts357e.woff]
[www.Mofritech.co.ke/templates/themes/basic/assets/fonts/custom-fonts357e.ttf]
[www.Mofritech.co.ke/templates/themes/basic/assets/webfonts/fa-solid-900.woff2]
[www.Mofritech.co.ke/templates/themes/basic/assets/fonts/custom-fonts357e.svg]
[www.Mofritech.co.ke/templates/themes/basic/assets/webfonts/fa-brands-400.woff2]
[www.Mofritech.co.ke/templates/themes/basic/assets/webfonts/fa-regular-400.woff2]
[www.Mofritech.co.ke/templates/themes/basic/assets/webfonts/fa-solid-900.ttf]
[www.Mofritech.co.ke/templates/themes/basic/assets/webfonts/fa-brands-400.ttf]
[www.Mofritech.co.ke/templates/themes/basic/assets/css/style.min.css]
[www.googletagmanager.com/gtm5445.html]
[www.Mofritech.co.ke/templates/themes/basic/assets/webfonts/fa-regular-400.ttf]
[www.Mofritech.co.ke/uploads/img/pages/about-us.webp]
[platform.twitter.com/widgets.js]
[www.Mofritech.co.ke/about-us/index.html]
[www.Mofritech.co.ke/uploads/img/pages/our-services.jpg]
[www.Mofritech.co.ke/our-services/index.html]
[www.Mofritech.co.ke/uploads/img/pages/web-design-development.webp]
[www.Mofritech.co.ke/uploads/img/carousels/web-design-services-best-web-design-for-your-business-1687359635.webp]
[www.Mofritech.co.ke/uploads/img/carousels/web-design-services-ecommerce-web-development-1687360782.webp]
[platform.linkedin.com/in.js]
[www.Mofritech.co.ke/uploads/img/carousels/web-design-services-tours-travel-web-design-1687361018.webp]
[www.Mofritech.co.ke/contact-us/indexad78.html]
[www.Mofritech.co.ke/uploads/img/pages/thumbnails/what-is-a-church-management-system.jpg]
[www.Mofritech.co.ke/uploads/img/pages/thumbnails/benefits-of-a-church-management-system.jpg]
[www.Mofritech.co.ke/media/blog/benefits-of-a-church-management-system/index.html]
[www.Mofritech.co.ke/media/blog/what-is-a-church-management-system/index.html]
[www.Mofritech.co.ke/uploads/img/pages/thumbnails/what-is-a-crm.jpg]
[www.Mofritech.co.ke/media/blog/what-is-a-crm/index.html]
[www.Mofritech.co.ke/uploads/img/pages/thumbnails/benefits-of-a-crm.jpg]
[www.Mofritech.co.ke/our-services/web-design-development/index.html]
[www.Mofritech.co.ke/uploads/img/pages/ngo-web-design.webp]
[www.Mofritech.co.ke/media/blog/benefits-of-a-crm/index.html]
[www.Mofritech.co.ke/our-services/web-design-development/ngo-web-design/index.html]
[www.Mofritech.co.ke/contact-us/index76fa.html]
[www.Mofritech.co.ke/web-design-development/index.html]
[www.Mofritech.co.ke/contact-us/index1ea1.html]
[www.Mofritech.co.ke/uploads/img/pages/real-estate-web-design.webp]
[www.Mofritech.co.ke/our-services/web-design-development/real-estate-web-design/index.html]
[www.Mofritech.co.ke/uploads/img/pages/ecommerce-website-development.webp]
[www.Mofritech.co.ke/contact-us/index3720.html]
[www.Mofritech.co.ke/contact-us/index31ea.html]
[www.Mofritech.co.ke/our-services/web-design-development/ecommerce-web-development/index.html]
[www.Mofritech.co.ke/contact-us/index7612.html]
[www.Mofritech.co.ke/contact-us/indexf36c.html]
[www.Mofritech.co.ke/uploads/img/pages/corporate-web-design.webp]
[www.Mofritech.co.ke/our-services/web-design-development/corporate-web-design/index.html]
[www.Mofritech.co.ke/uploads/img/pages/personal-profiles.webp]
[www.Mofritech.co.ke/our-services/web-design-development/personal-profiles/index.html]
[www.Mofritech.co.ke/contact-us/indexc54b.html]
[www.Mofritech.co.ke/contact-us/indexeb3c.html]
[www.Mofritech.co.ke/contact-us/index4236.html]
[www.Mofritech.co.ke/uploads/img/pages/tours-travel-web-design.webp]
[www.Mofritech.co.ke/our-services/web-design-development/tours-travel-web-design/index.html]
[www.Mofritech.co.ke/uploads/img/pages/church-management-software.webp]
[www.Mofritech.co.ke/our-services/church-management-software/index.html]
[www.Mofritech.co.ke/contact-us/indexba9c.html]
[www.Mofritech.co.ke/contact-us/indexddb1.html]
[www.Mofritech.co.ke/contact-us/index8173.html]
[www.Mofritech.co.ke/uploads/img/pages/parcel-delivery-software.webp]
[www.Mofritech.co.ke/our-services/parcel-delivery-software/index.html]
[www.Mofritech.co.ke/uploads/img/pages/seo-search-engine-optimization.webp]
[www.Mofritech.co.ke/contact-us/indexb06d.html]
[www.Mofritech.co.ke/our-services/seo-search-engine-optimization/index.html]
[www.Mofritech.co.ke/contact-us/index3461.html]
[www.Mofritech.co.ke/contact-us/index57f7.html]
[www.Mofritech.co.ke/uploads/img/pages/our-products.jpg]
[www.Mofritech.co.ke/portfolio/index.html]
[www.Mofritech.co.ke/uploads/img/pages/case-studies.jpg]
[www.Mofritech.co.ke/portfolio/case-studies/index.html]
[www.Mofritech.co.ke/uploads/img/pages/clients.jpg]
[www.Mofritech.co.ke/portfolio/clients/index.html]
[www.Mofritech.co.ke/uploads/img/pages/media.jpg]
[www.Mofritech.co.ke/media/index.html]
[www.Mofritech.co.ke/uploads/img/pages/blog.jpg]
[www.Mofritech.co.ke/media/blog/index.html]
[www.Mofritech.co.ke/uploads/img/pages/videos.jpg]
[www.Mofritech.co.ke/media/videos/index.html]
[www.Mofritech.co.ke/assets/node_modules/summernote/dist/summernote-bs4.min.css]
[www.Mofritech.co.ke/assets/node_modules/intl-tel-input/build/css/intlTelInput.min.css]
[www.Mofritech.co.ke/assets/node_modules/toastr/build/toastr.min.css]
[www.Mofritech.co.ke/assets/node_modules/bootstrap-select/dist/js/bootstrap-select.min.js]
[www.Mofritech.co.ke/assets/node_modules/formvalidation/dist/js/formValidation.min.js]
[www.Mofritech.co.ke/assets/node_modules/formvalidation/dist/js/framework/bootstrap.min.js]
[www.Mofritech.co.ke/assets/node_modules/intl-tel-input/build/js/intlTelInput-jquery.min.js]
[www.Mofritech.co.ke/assets/node_modules/summernote/dist/summernote-bs4.min.js]
[www.Mofritech.co.ke/assets/node_modules/bootbox/dist/bootbox.min.js]
[www.Mofritech.co.ke/assets/node_modules/bootbox/dist/bootbox.locales.min.js]
[www.google.com/recaptcha/api0b92.js]
[www.Mofritech.co.ke/contact-us/index.html]
[www.Mofritech.co.ke/Mofritech-it-services/index.html]
[www.Mofritech.co.ke/contact-us/indexe7dd.html]
[www.Mofritech.co.ke/contact-us/index2ef8.html]
[www.Mofritech.co.ke/contact-us/index6138.html]
[www.Mofritech.co.ke/web-design-development/ngo-web-design/index.html]
[www.Mofritech.co.ke/contact-us/index931d.html]
[www.Mofritech.co.ke/web-design-development/real-estate-web-design/index.html]
[www.Mofritech.co.ke/contact-us/indexc2ab.html]
[www.Mofritech.co.ke/web-design-development/ecommerce-web-development/index.html]
[www.Mofritech.co.ke/contact-us/index05ac.html]
[www.Mofritech.co.ke/web-design-development/corporate-web-design/index.html]
[www.Mofritech.co.ke/contact-us/index7e92.html]
[www.Mofritech.co.ke/web-design-development/personal-profiles/index.html]
[www.Mofritech.co.ke/contact-us/indexce13.html]
[www.Mofritech.co.ke/web-design-development/tours-travel-web-design/index.html]
[www.Mofritech.co.ke/contact-us/indexc6e1.html]
[www.Mofritech.co.ke/uploads/img/pages/case-studies/nesta-united-transporters-crm.webp]
[www.Mofritech.co.ke/portfolio/case-studies/nesta-united-transporters-crm/index.html]
[www.Mofritech.co.ke/case-studies/index.html]
[www.Mofritech.co.ke/uploads/img/pages/case-studies/bushblazers-website-crm.webp]
[www.Mofritech.co.ke/portfolio/case-studies/bushblazers-website-crm/index.html]
[www.Mofritech.co.ke/contact-us/indexb6ff.html]
[www.Mofritech.co.ke/uploads/img/pages/case-studies/karunguru-coffee-website-crm.webp]
[www.Mofritech.co.ke/portfolio/case-studies/karunguru-coffee-website-crm/index.html]
[www.Mofritech.co.ke/contact-us/index49a8.html]
[www.Mofritech.co.ke/uploads/img/pages/privacy-policy.jpg]
[www.Mofritech.co.ke/privacy-policy/index.html]
[connect.facebook.net/en_US/sdk.js]
[www.Mofritech.co.ke/contact-us/index48be.html]
[www.Mofritech.co.ke/templates/themes/basic/assets/fonts/custom-fonts357e.svg]
[www.Mofritech.co.ke/contact-us/indexad78.html]
[www.Mofritech.co.ke/uploads/img/pages/what-is-a-church-management-system.jpg]
[www.Mofritech.co.ke/media/blog/what-is-a-church-management-system/index.html]
[www.Mofritech.co.ke/uploads/img/pages/benefits-of-a-church-management-system.jpg]
[www.Mofritech.co.ke/media/blog/benefits-of-a-church-management-system/index.html]
[www.Mofritech.co.ke/uploads/img/pages/what-is-a-crm.jpg]
[www.Mofritech.co.ke/media/blog/what-is-a-crm/index.html]
[www.Mofritech.co.ke/blog/index.html]
[www.Mofritech.co.ke/uploads/img/pages/benefits-of-a-crm.jpg]
[www.Mofritech.co.ke/media/blog/benefits-of-a-crm/index.html]
[www.Mofritech.co.ke/web-design-development/index.html]
[www.Mofritech.co.ke/contact-us/index76fa.html]
[www.Mofritech.co.ke/contact-us/index1ea1.html]
[www.Mofritech.co.ke/contact-us/index31ea.html]
[www.Mofritech.co.ke/contact-us/index3720.html]
[www.Mofritech.co.ke/contact-us/index7612.html]
[www.Mofritech.co.ke/contact-us/indexf36c.html]
[www.Mofritech.co.ke/contact-us/indexc54b.html]
[www.Mofritech.co.ke/contact-us/indexeb3c.html]
[www.Mofritech.co.ke/contact-us/index4236.html]
[www.Mofritech.co.ke/contact-us/indexba9c.html]
[www.Mofritech.co.ke/contact-us/indexddb1.html]
[www.Mofritech.co.ke/contact-us/index8173.html]
[www.Mofritech.co.ke/contact-us/indexb06d.html]
[www.Mofritech.co.ke/contact-us/index57f7.html]
[www.Mofritech.co.ke/contact-us/index3461.html]
[www.Mofritech.co.ke/assets/node_modules/summernote/dist/font/summernoted41d.eot]
[www.Mofritech.co.ke/assets/node_modules/summernote/dist/font/summernote.eot]
[www.Mofritech.co.ke/assets/node_modules/summernote/dist/font/summernote.woff2]
[www.Mofritech.co.ke/assets/node_modules/summernote/dist/font/summernote.woff]
[www.Mofritech.co.ke/assets/node_modules/summernote/dist/font/summernote.ttf]
[www.Mofritech.co.ke/assets/node_modules/summernote/dist/summernote-bs4.min.css]
[www.Mofritech.co.ke/assets/node_modules/intl-tel-input/build/img/flags.png]
[www.Mofritech.co.ke/assets/node_modules/intl-tel-input/build/img/flags@2x.png]
[www.Mofritech.co.ke/assets/node_modules/intl-tel-input/build/css/intlTelInput.min.css]
[www.Mofritech.co.ke/assets/node_modules/toastr/build/toastr.min.css]
[www.Mofritech.co.ke/case-studies/index.html]
[www.Mofritech.co.ke/contact-us/indexb6ff.html]
[www.Mofritech.co.ke/contact-us/index49a8.html]
[www.Mofritech.co.ke/contact-us/index48be.html]
[www.Mofritech.co.ke/blog/index.html]
